# libsvgplayer.map - Symbol version script for libsvgplayer.so
# This controls which symbols are exported from the shared library

SVGPLAYER_1.0 {
    global:
        # Lifecycle Functions
        SVGPlayer_Create;
        SVGPlayer_Destroy;
        SVGPlayer_GetVersion;

        # Loading Functions
        SVGPlayer_LoadSVG;
        SVGPlayer_LoadSVGData;
        SVGPlayer_Unload;
        SVGPlayer_IsLoaded;

        # Size and Dimension Functions
        SVGPlayer_GetSize;
        SVGPlayer_GetSizeInfo;

        # Playback Control Functions
        SVGPlayer_Play;
        SVGPlayer_Pause;
        SVGPlayer_Stop;
        SVGPlayer_TogglePlayback;
        SVGPlayer_SetPlaybackState;
        SVGPlayer_GetPlaybackState;

        # Repeat Mode Functions
        SVGPlayer_SetRepeatMode;
        SVGPlayer_GetRepeatMode;
        SVGPlayer_SetRepeatCount;
        SVGPlayer_GetRepeatCount;
        SVGPlayer_GetCompletedLoops;
        SVGPlayer_IsLooping;
        SVGPlayer_SetLooping;

        # Playback Rate Functions
        SVGPlayer_SetPlaybackRate;
        SVGPlayer_GetPlaybackRate;

        # Timeline Functions
        SVGPlayer_Update;
        SVGPlayer_SeekTo;
        SVGPlayer_SeekToFrame;
        SVGPlayer_SeekToProgress;
        SVGPlayer_GetDuration;
        SVGPlayer_GetCurrentTime;
        SVGPlayer_GetProgress;
        SVGPlayer_GetCurrentFrame;
        SVGPlayer_GetTotalFrames;
        SVGPlayer_GetFrameRate;

        # Frame Stepping Functions
        SVGPlayer_StepForward;
        SVGPlayer_StepBackward;
        SVGPlayer_StepByFrames;

        # Rendering Functions
        SVGPlayer_Render;
        SVGPlayer_RenderAtTime;

        # Statistics and Diagnostics
        SVGPlayer_GetStats;
        SVGPlayer_GetLastError;
        SVGPlayer_ClearError;

        # Coordinate Conversion Functions
        SVGPlayer_ViewToSVG;
        SVGPlayer_SVGToView;

        # Element Touch/Hit Testing Functions
        SVGPlayer_SubscribeToElement;
        SVGPlayer_UnsubscribeFromElement;
        SVGPlayer_UnsubscribeFromAllElements;
        SVGPlayer_HitTest;
        SVGPlayer_GetElementBounds;

    local:
        *;
};
